1
3
4
12
49
6
4
12
49
6
4
12
49
6
4
8
28
31
34
37
39
14
17
22
19
16
40
14
17
22
19
16
35
37
39
14
17
22
19
15
24
17
23
19
16
45
14
17
23
19
16
36
32
34
38
39
14
17
22
18
27
23
19
16
40
14
17
23
19
16
36
33
3
4
11
48
5
30
3
4
11
48
5
6
4
11
48
5
