1
3
4
12
49
6
4
12
49
6
4
9
46
31
34
37
39
14
17
22
19
16
45
14
17
23
19
16
36
33
3
4
7
13
14
17
22
19
16
6
4
9
46
31
34
37
39
14
17
22
19
16
41
14
17
22
19
16
36
33
3
4
7
13
14
17
22
19
15
25
17
22
19
16
5
6
4
7
13
14
17
22
19
16
6
4
7
13
14
17
22
19
16
5
6
4
11
48
5
