1
3
4
12
49
6
4
12
49
6
4
7
13
14
17
22
19
15
24
17
23
18
26
22
19
15
25
17
23
18
27
23
19
16
6
4
11
48
5
